01-15 00:55:19.302  3639  3659 E linker  : warning: unable to get realpath for the library "/system/lib/libutils.so". Will use given path.
01-15 00:55:19.302  3639  3659 E linker  : readlink("/proc/self/fd/54") failed: Permission denied [fd=54]
01-15 00:55:19.302  3639  3659 E linker  : warning: unable to get realpath for the library "/system/lib/libc++.so". Will use given path.
01-15 00:55:19.303  3639  3659 E linker  : readlink("/proc/self/fd/55") failed: Permission denied [fd=55]
01-15 00:55:19.303  3639  3659 E linker  : warning: unable to get realpath for the library "/system/lib/libc.so". Will use given path.
01-15 00:55:19.303  3639  3659 E linker  : readlink("/proc/self/fd/56") failed: Permission denied [fd=56]
01-15 00:55:19.303  3639  3659 E linker  : warning: unable to get realpath for the library "/system/lib/libm.so". Will use given path.
01-15 00:55:19.305  3639  3659 I OpenGLRenderer: Initialized EGL, version 1.4
01-15 00:55:19.305  3639  3659 D OpenGLRenderer: Swap behavior 1
01-15 00:55:19.311  3639  3659 E linker  : readlink("/proc/self/fd/45") failed: Permission denied [fd=45]
01-15 00:55:19.311  3639  3659 E linker  : warning: unable to get realpath for the library "/system/lib/hw/gralloc.mt6582.so". Will use given path.
01-15 00:55:19.312  3639  3659 E linker  : readlink("/proc/self/fd/47") failed: Permission denied [fd=47]
01-15 00:55:19.312  3639  3659 E linker  : warning: unable to get realpath for the library "/system/lib/hw/gralloc.mt6582.so". Will use given path.
01-15 00:55:19.313  3639  3659 I MaliEGL : [Mali]window_type=1, is_framebuffer=0, errnum = 0
01-15 00:55:19.313  3639  3659 I MaliEGL : [Mali]surface->num_buffers=4, surface->num_frames=3, win_min_undequeued=1
01-15 00:55:19.313  3639  3659 I MaliEGL : [Mali]max_allowed_dequeued_buffers=3
01-15 00:55:19.443  3639  3659 E linker  : readlink("/proc/self/fd/48") failed: Permission denied [fd=48]
01-15 00:55:19.443  3639  3659 E linker  : warning: unable to get realpath for the library "/system/lib/hw/gralloc.mt6582.so". Will use given path.
01-15 00:55:19.499  3639  3659 E linker  : readlink("/proc/self/fd/49") failed: Permission denied [fd=49]
01-15 00:55:19.499  3639  3659 E linker  : warning: unable to get realpath for the library "/system/lib/hw/gralloc.mt6582.so". Will use given path.
01-15 00:55:19.511  3639  3659 E linker  : readlink("/proc/self/fd/50") failed: Permission denied [fd=50]
01-15 00:55:19.512  3639  3659 E linker  : warning: unable to get realpath for the library "/system/lib/hw/gralloc.mt6582.so". Will use given path.
01-15 00:55:19.566  3639  3659 E linker  : readlink("/proc/self/fd/55") failed: Permission denied [fd=55]
01-15 00:55:19.566  3639  3659 E linker  : warning: unable to get realpath for the library "/system/lib/hw/gralloc.mt6582.so". Will use given path.
01-15 00:55:23.117  3639  3639 I AppCompatViewInflater: app:theme is now deprecated. Please move to using android:theme instead.
01-15 00:55:23.165  3639  3639 D SwitcherService: onCreate()
01-15 00:55:23.175  3639  3639 D SwitcherService: onBind(intent=Intent { cmp=com.github.chenxiaolong.dualbootpatcher.snapshot/com.github.chenxiaolong.dualbootpatcher.switcher.SwitcherService })
01-15 00:55:23.176  3639  3639 D SwitcherService: onStartCommand(intent=Intent { cmp=com.github.chenxiaolong.dualbootpatcher.snapshot/com.github.chenxiaolong.dualbootpatcher.switcher.SwitcherService }, flags=0, startId=1)
01-15 00:55:23.219  3639  3659 E linker  : readlink("/proc/self/fd/59") failed: Permission denied [fd=59]
01-15 00:55:23.219  3639  3659 E linker  : warning: unable to get realpath for the library "/system/lib/hw/gralloc.mt6582.so". Will use given path.
01-15 00:55:23.221  3639  3659 I MaliEGL : [Mali]window_type=1, is_framebuffer=0, errnum = 0
01-15 00:55:23.221  3639  3659 I MaliEGL : [Mali]surface->num_buffers=4, surface->num_frames=3, win_min_undequeued=1
01-15 00:55:23.221  3639  3659 I MaliEGL : [Mali]max_allowed_dequeued_buffers=3
01-15 00:55:23.377  3639  3639 D SwitcherService: Added runnable com.github.chenxiaolong.dualbootpatcher.switcher.service.BootUIActionTask@d31ea40 to thread pool: default
01-15 00:55:23.387  3639  3670 E MbtoolConnection: Could not connect to mbtool socket
01-15 00:55:23.387  3639  3670 E MbtoolConnection: java.io.IOException: Connection refused
01-15 00:55:23.387  3639  3670 E MbtoolConnection: 	at android.net.LocalSocketImpl.connectLocal(Native Method)
01-15 00:55:23.387  3639  3670 E MbtoolConnection: 	at android.net.LocalSocketImpl.connect(LocalSocketImpl.java:292)
01-15 00:55:23.387  3639  3670 E MbtoolConnection: 	at android.net.LocalSocket.connect(LocalSocket.java:131)
01-15 00:55:23.387  3639  3670 E MbtoolConnection: 	at com.github.chenxiaolong.dualbootpatcher.socket.MbtoolConnection.initConnectToSocket(MbtoolConnection.java:113)
01-15 00:55:23.387  3639  3670 E MbtoolConnection: 	at com.github.chenxiaolong.dualbootpatcher.socket.MbtoolConnection.connect(MbtoolConnection.java:194)
01-15 00:55:23.387  3639  3670 E MbtoolConnection: 	at com.github.chenxiaolong.dualbootpatcher.socket.MbtoolConnection.<init>(MbtoolConnection.java:216)
01-15 00:55:23.387  3639  3670 E MbtoolConnection: 	at com.github.chenxiaolong.dualbootpatcher.switcher.service.BootUIActionTask.execute(BootUIActionTask.java:313)
01-15 00:55:23.387  3639  3670 E MbtoolConnection: 	at com.github.chenxiaolong.dualbootpatcher.switcher.service.BaseServiceTask.run(BaseServiceTask.java:125)
01-15 00:55:23.387  3639  3670 E MbtoolConnection: 	at com.github.chenxiaolong.dualbootpatcher.ThreadPoolService$1.run(ThreadPoolService.java:181)
01-15 00:55:23.387  3639  3670 E MbtoolConnection: 	at java.util.concurrent.ThreadPoolExecutor.runWorker(ThreadPoolExecutor.java:1133)
01-15 00:55:23.387  3639  3670 E MbtoolConnection: 	at java.util.concurrent.ThreadPoolExecutor$Worker.run(ThreadPoolExecutor.java:607)
01-15 00:55:23.387  3639  3670 E MbtoolConnection: 	at java.lang.Thread.run(Thread.java:761)
01-15 00:55:23.389  3639  3670 E BootUIActionTask: mbtool error
01-15 00:55:23.389  3639  3670 E BootUIActionTask: com.github.chenxiaolong.dualbootpatcher.socket.exceptions.MbtoolException: java.io.IOException: Connection refused
01-15 00:55:23.389  3639  3670 E BootUIActionTask: 	at com.github.chenxiaolong.dualbootpatcher.socket.MbtoolConnection.initConnectToSocket(MbtoolConnection.java:117)
01-15 00:55:23.389  3639  3670 E BootUIActionTask: 	at com.github.chenxiaolong.dualbootpatcher.socket.MbtoolConnection.connect(MbtoolConnection.java:194)
01-15 00:55:23.389  3639  3670 E BootUIActionTask: 	at com.github.chenxiaolong.dualbootpatcher.socket.MbtoolConnection.<init>(MbtoolConnection.java:216)
01-15 00:55:23.389  3639  3670 E BootUIActionTask: 	at com.github.chenxiaolong.dualbootpatcher.switcher.service.BootUIActionTask.execute(BootUIActionTask.java:313)
01-15 00:55:23.389  3639  3670 E BootUIActionTask: 	at com.github.chenxiaolong.dualbootpatcher.switcher.service.BaseServiceTask.run(BaseServiceTask.java:125)
01-15 00:55:23.389  3639  3670 E BootUIActionTask: 	at com.github.chenxiaolong.dualbootpatcher.ThreadPoolService$1.run(ThreadPoolService.java:181)
01-15 00:55:23.389  3639  3670 E BootUIActionTask: 	at java.util.concurrent.ThreadPoolExecutor.runWorker(ThreadPoolExecutor.java:1133)
01-15 00:55:23.389  3639  3670 E BootUIActionTask: 	at java.util.concurrent.ThreadPoolExecutor$Worker.run(ThreadPoolExecutor.java:607)
01-15 00:55:23.389  3639  3670 E BootUIActionTask: 	at java.lang.Thread.run(Thread.java:761)
01-15 00:55:23.389  3639  3670 E BootUIActionTask: Caused by: java.io.IOException: Connection refused
01-15 00:55:23.389  3639  3670 E BootUIActionTask: 	at android.net.LocalSocketImpl.connectLocal(Native Method)
01-15 00:55:23.389  3639  3670 E BootUIActionTask: 	at android.net.LocalSocketImpl.connect(LocalSocketImpl.java:292)
01-15 00:55:23.389  3639  3670 E BootUIActionTask: 	at android.net.LocalSocket.connect(LocalSocket.java:131)
01-15 00:55:23.389  3639  3670 E BootUIActionTask: 	at com.github.chenxiaolong.dualbootpatcher.socket.MbtoolConnection.initConnectToSocket(MbtoolConnection.java:113)
01-15 00:55:23.389  3639  3670 E BootUIActionTask: 	... 8 more
01-15 00:55:23.402  3639  3659 E linker  : readlink("/proc/self/fd/75") failed: Permission denied [fd=75]
01-15 00:55:23.402  3639  3659 E linker  : warning: unable to get realpath for the library "/system/lib/hw/gralloc.mt6582.so". Will use given path.
01-15 00:55:23.454  3639  3659 E linker  : readlink("/proc/self/fd/71") failed: Permission denied [fd=71]
01-15 00:55:23.455  3639  3659 E linker  : warning: unable to get realpath for the library "/system/lib/hw/gralloc.mt6582.so". Will use given path.
01-15 00:55:23.473  3639  3659 E linker  : readlink("/proc/self/fd/48") failed: Permission denied [fd=48]
01-15 00:55:23.473  3639  3659 E linker  : warning: unable to get realpath for the library "/system/lib/hw/gralloc.mt6582.so". Will use given path.
01-15 00:55:23.474  3639  3659 E linker  : readlink("/proc/self/fd/48") failed: Permission denied [fd=48]
01-15 00:55:23.474  3639  3659 E linker  : warning: unable to get realpath for the library "/system/lib/hw/gralloc.mt6582.so". Will use given path.
01-15 00:55:23.475  3639  3659 E linker  : readlink("/proc/self/fd/47") failed: Permission denied [fd=47]
01-15 00:55:23.475  3639  3659 E linker  : warning: unable to get realpath for the library "/system/lib/hw/gralloc.mt6582.so". Will use given path.
01-15 00:55:23.476  3639  3659 E linker  : readlink("/proc/self/fd/46") failed: Permission denied [fd=46]
01-15 00:55:23.476  3639  3659 E linker  : warning: unable to get realpath for the library "/system/lib/hw/gralloc.mt6582.so". Will use given path.
01-15 00:55:23.531  3639  3659 E linker  : readlink("/proc/self/fd/51") failed: Permission denied [fd=51]
01-15 00:55:23.531  3639  3659 E linker  : warning: unable to get realpath for the library "/system/lib/hw/gralloc.mt6582.so". Will use given path.
01-15 00:55:23.531  3639  3659 I MaliEGL : [Mali]window_type=1, is_framebuffer=0, errnum = 0
01-15 00:55:23.531  3639  3659 I MaliEGL : [Mali]surface->num_buffers=4, surface->num_frames=3, win_min_undequeued=1
01-15 00:55:23.531  3639  3659 I MaliEGL : [Mali]max_allowed_dequeued_buffers=3
01-15 00:55:23.533  3639  3639 D SwitcherService: Added runnable com.github.chenxiaolong.dualbootpatcher.switcher.service.UpdateMbtoolWithRootTask@a26ce46 to thread pool: default
01-15 00:55:23.533  3639  3639 D SwitcherService: onStartCommand(intent=Intent { cmp=com.github.chenxiaolong.dualbootpatcher.snapshot/com.github.chenxiaolong.dualbootpatcher.switcher.SwitcherService }, flags=0, startId=2)
--------- beginning of main
01-15 00:55:23.658  3639  3674 E MbtoolConnection: Could not connect to mbtool socket
01-15 00:55:23.658  3639  3674 E MbtoolConnection: java.io.IOException: Connection refused
01-15 00:55:23.658  3639  3674 E MbtoolConnection: 	at android.net.LocalSocketImpl.connectLocal(Native Method)
01-15 00:55:23.658  3639  3674 E MbtoolConnection: 	at android.net.LocalSocketImpl.connect(LocalSocketImpl.java:292)
01-15 00:55:23.658  3639  3674 E MbtoolConnection: 	at android.net.LocalSocket.connect(LocalSocket.java:131)
01-15 00:55:23.658  3639  3674 E MbtoolConnection: 	at com.github.chenxiaolong.dualbootpatcher.socket.MbtoolConnection.initConnectToSocket(MbtoolConnection.java:113)
01-15 00:55:23.658  3639  3674 E MbtoolConnection: 	at com.github.chenxiaolong.dualbootpatcher.socket.MbtoolConnection.replaceViaSignedExec(MbtoolConnection.java:354)
01-15 00:55:23.658  3639  3674 E MbtoolConnection: 	at com.github.chenxiaolong.dualbootpatcher.switcher.service.UpdateMbtoolWithRootTask.execute(UpdateMbtoolWithRootTask.java:53)
01-15 00:55:23.658  3639  3674 E MbtoolConnection: 	at com.github.chenxiaolong.dualbootpatcher.switcher.service.BaseServiceTask.run(BaseServiceTask.java:125)
01-15 00:55:23.658  3639  3674 E MbtoolConnection: 	at com.github.chenxiaolong.dualbootpatcher.ThreadPoolService$1.run(ThreadPoolService.java:181)
01-15 00:55:23.658  3639  3674 E MbtoolConnection: 	at java.util.concurrent.ThreadPoolExecutor.runWorker(ThreadPoolExecutor.java:1133)
01-15 00:55:23.658  3639  3674 E MbtoolConnection: 	at java.util.concurrent.ThreadPoolExecutor$Worker.run(ThreadPoolExecutor.java:607)
01-15 00:55:23.658  3639  3674 E MbtoolConnection: 	at java.lang.Thread.run(Thread.java:761)
01-15 00:55:23.658  3639  3674 W MbtoolConnection: mbtool error
01-15 00:55:23.658  3639  3674 W MbtoolConnection: com.github.chenxiaolong.dualbootpatcher.socket.exceptions.MbtoolException: java.io.IOException: Connection refused
01-15 00:55:23.658  3639  3674 W MbtoolConnection: 	at com.github.chenxiaolong.dualbootpatcher.socket.MbtoolConnection.initConnectToSocket(MbtoolConnection.java:117)
01-15 00:55:23.658  3639  3674 W MbtoolConnection: 	at com.github.chenxiaolong.dualbootpatcher.socket.MbtoolConnection.replaceViaSignedExec(MbtoolConnection.java:354)
01-15 00:55:23.658  3639  3674 W MbtoolConnection: 	at com.github.chenxiaolong.dualbootpatcher.switcher.service.UpdateMbtoolWithRootTask.execute(UpdateMbtoolWithRootTask.java:53)
01-15 00:55:23.658  3639  3674 W MbtoolConnection: 	at com.github.chenxiaolong.dualbootpatcher.switcher.service.BaseServiceTask.run(BaseServiceTask.java:125)
01-15 00:55:23.658  3639  3674 W MbtoolConnection: 	at com.github.chenxiaolong.dualbootpatcher.ThreadPoolService$1.run(ThreadPoolService.java:181)
01-15 00:55:23.658  3639  3674 W MbtoolConnection: 	at java.util.concurrent.ThreadPoolExecutor.runWorker(ThreadPoolExecutor.java:1133)
01-15 00:55:23.658  3639  3674 W MbtoolConnection: 	at java.util.concurrent.ThreadPoolExecutor$Worker.run(ThreadPoolExecutor.java:607)
01-15 00:55:23.658  3639  3674 W MbtoolConnection: 	at java.lang.Thread.run(Thread.java:761)
01-15 00:55:23.658  3639  3674 W MbtoolConnection: Caused by: java.io.IOException: Connection refused
01-15 00:55:23.658  3639  3674 W MbtoolConnection: 	at android.net.LocalSocketImpl.connectLocal(Native Method)
01-15 00:55:23.658  3639  3674 W MbtoolConnection: 	at android.net.LocalSocketImpl.connect(LocalSocketImpl.java:292)
01-15 00:55:23.658  3639  3674 W MbtoolConnection: 	at android.net.LocalSocket.connect(LocalSocket.java:131)
01-15 00:55:23.658  3639  3674 W MbtoolConnection: 	at com.github.chenxiaolong.dualbootpatcher.socket.MbtoolConnection.initConnectToSocket(MbtoolConnection.java:113)
01-15 00:55:23.658  3639  3674 W MbtoolConnection: 	... 7 more
01-15 00:55:23.658  3639  3674 W UpdateMbtoolWithRootTask: Failed to update mbtool with SignedExec method
01-15 00:55:23.664  3639  3670 D SwitcherService: Attempting to stop service
01-15 00:55:23.664  3639  3670 D SwitcherService: Not stopping: # of operations: 1, is bound: true
01-15 00:55:23.707  3639  3659 E linker  : readlink("/proc/self/fd/59") failed: Permission denied [fd=59]
01-15 00:55:23.707  3639  3659 E linker  : warning: unable to get realpath for the library "/system/lib/hw/gralloc.mt6582.so". Will use given path.
01-15 00:55:23.708  3639  3659 I MaliEGL : [Mali]window_type=1, is_framebuffer=0, errnum = 0
01-15 00:55:23.708  3639  3659 I MaliEGL : [Mali]surface->num_buffers=4, surface->num_frames=3, win_min_undequeued=1
01-15 00:55:23.708  3639  3659 I MaliEGL : [Mali]max_allowed_dequeued_buffers=3
01-15 00:55:23.722  3639  3659 E linker  : readlink("/proc/self/fd/60") failed: Permission denied [fd=60]
01-15 00:55:23.722  3639  3659 E linker  : warning: unable to get realpath for the library "/system/lib/hw/gralloc.mt6582.so". Will use given path.
01-15 00:55:23.806  3639  3659 E linker  : readlink("/proc/self/fd/71") failed: Permission denied [fd=71]
01-15 00:55:23.806  3639  3659 E linker  : warning: unable to get realpath for the library "/system/lib/hw/gralloc.mt6582.so". Will use given path.
01-15 00:55:25.584  3639  3692 D CommandUtils: Root command output: mountpoint: /mnt/mb_tmp: No such file or directory
01-15 00:55:25.970  3639  3692 D CommandUtils: Root command output: mv: bad '/mnt/mb_tmp/mbtool': No such file or directory
01-15 00:55:26.369  3639  3692 D CommandUtils: Root command output: [2018-01-14T21:55:26.367187000+00:00][3716:3716][debug] mbtool/sepolpatch: Policy version: 30
01-15 00:55:26.654  3639  3659 E linker  : readlink("/proc/self/fd/71") failed: Permission denied [fd=71]
01-15 00:55:26.654  3639  3659 E linker  : warning: unable to get realpath for the library "/system/lib/hw/gralloc.mt6582.so". Will use given path.
01-15 00:55:26.837  3639  3692 D CommandUtils: Root command output: [2018-01-14T21:55:26.836639000+00:00][3716:3716][info] mbtool/multiboot: Current process context: u:r:su:s0
01-15 00:55:26.841  3639  3692 D CommandUtils: Root command output: [2018-01-14T21:55:26.841408000+00:00][3716:3716][verbose] mbtool/multiboot: Setting process context: u:r:mb_exec:s0
01-15 00:55:27.413  3639  3692 D CommandUtils: Root command output: Waiting for daemon to start... OK
01-15 00:55:27.414  3639  3674 D UpdateMbtoolWithRootTask: Attempting mbtool connection after update
01-15 00:55:27.487  3639  3674 D UpdateMbtoolWithRootTask: mbtool was updated to 9.3.0.r330.g6e79cd83.PR963
01-15 00:55:27.488  3639  3674 D SwitcherService: Attempting to stop service
01-15 00:55:27.488  3639  3674 D SwitcherService: Not stopping: # of operations: 0, is bound: true
01-15 00:55:27.495  3639  3659 E linker  : readlink("/proc/self/fd/48") failed: Permission denied [fd=48]
01-15 00:55:27.495  3639  3659 E linker  : warning: unable to get realpath for the library "/system/lib/hw/gralloc.mt6582.so". Will use given path.
01-15 00:55:27.496  3639  3659 E linker  : readlink("/proc/self/fd/48") failed: Permission denied [fd=48]
01-15 00:55:27.496  3639  3659 E linker  : warning: unable to get realpath for the library "/system/lib/hw/gralloc.mt6582.so". Will use given path.
01-15 00:55:27.496  3639  3659 E linker  : readlink("/proc/self/fd/48") failed: Permission denied [fd=48]
01-15 00:55:27.497  3639  3659 E linker  : warning: unable to get realpath for the library "/system/lib/hw/gralloc.mt6582.so". Will use given path.
01-15 00:55:27.497  3639  3659 E linker  : readlink("/proc/self/fd/48") failed: Permission denied [fd=48]
01-15 00:55:27.497  3639  3659 E linker  : warning: unable to get realpath for the library "/system/lib/hw/gralloc.mt6582.so". Will use given path.
01-15 00:55:27.564  3639  3659 E linker  : readlink("/proc/self/fd/48") failed: Permission denied [fd=48]
01-15 00:55:27.564  3639  3659 E linker  : warning: unable to get realpath for the library "/system/lib/hw/gralloc.mt6582.so". Will use given path.
01-15 00:55:30.176  3639  3659 E linker  : readlink("/proc/self/fd/46") failed: Permission denied [fd=46]
01-15 00:55:30.176  3639  3659 E linker  : warning: unable to get realpath for the library "/system/lib/hw/gralloc.mt6582.so". Will use given path.
01-15 00:55:30.177  3639  3659 E linker  : readlink("/proc/self/fd/46") failed: Permission denied [fd=46]
01-15 00:55:30.177  3639  3659 E linker  : warning: unable to get realpath for the library "/system/lib/hw/gralloc.mt6582.so". Will use given path.
01-15 00:55:30.177  3639  3659 E linker  : readlink("/proc/self/fd/46") failed: Permission denied [fd=46]
01-15 00:55:30.177  3639  3659 E linker  : warning: unable to get realpath for the library "/system/lib/hw/gralloc.mt6582.so". Will use given path.
01-15 00:55:30.202  3639  3639 I AppCompatViewInflater: app:theme is now deprecated. Please move to using android:theme instead.
01-15 00:55:30.249  3639  3659 E linker  : readlink("/proc/self/fd/49") failed: Permission denied [fd=49]
01-15 00:55:30.250  3639  3659 E linker  : warning: unable to get realpath for the library "/system/lib/hw/gralloc.mt6582.so". Will use given path.
01-15 00:55:30.251  3639  3659 I MaliEGL : [Mali]window_type=1, is_framebuffer=0, errnum = 0
01-15 00:55:30.251  3639  3659 I MaliEGL : [Mali]surface->num_buffers=4, surface->num_frames=3, win_min_undequeued=1
01-15 00:55:30.251  3639  3659 I MaliEGL : [Mali]max_allowed_dequeued_buffers=3
01-15 00:55:30.349  3639  3639 D SwitcherService: onUnbind(intent=Intent { cmp=com.github.chenxiaolong.dualbootpatcher.snapshot/com.github.chenxiaolong.dualbootpatcher.switcher.SwitcherService })
01-15 00:55:30.349  3639  3639 D SwitcherService: Attempting to stop service
01-15 00:55:30.349  3639  3639 D SwitcherService: Calling stopSelf(): there are no more operations
01-15 00:55:30.351  3639  3639 D SwitcherService: Added runnable com.github.chenxiaolong.dualbootpatcher.switcher.service.BootUIActionTask@bf7634b to thread pool: default
01-15 00:55:30.351  3639  3639 D SwitcherService: onStartCommand(intent=Intent { cmp=com.github.chenxiaolong.dualbootpatcher.snapshot/com.github.chenxiaolong.dualbootpatcher.switcher.SwitcherService }, flags=0, startId=3)
01-15 00:55:30.370  3639  3659 E linker  : readlink("/proc/self/fd/52") failed: Permission denied [fd=52]
01-15 00:55:30.370  3639  3659 E linker  : warning: unable to get realpath for the library "/system/lib/hw/gralloc.mt6582.so". Will use given path.
01-15 00:55:30.383  3639  3659 E linker  : readlink("/proc/self/fd/56") failed: Permission denied [fd=56]
01-15 00:55:30.383  3639  3659 E linker  : warning: unable to get realpath for the library "/system/lib/hw/gralloc.mt6582.so". Will use given path.
01-15 00:55:30.447  3639  3670 E linker  : readlink("/proc/self/fd/56") failed: Permission denied [fd=56]
01-15 00:55:30.447  3639  3670 E linker  : warning: unable to get realpath for the library "/data/app/com.github.chenxiaolong.dualbootpatcher.snapshot-1/lib/arm/libjnidispatch.so". Will use given path.
01-15 00:55:30.461  3639  3670 E linker  : readlink("/proc/self/fd/56") failed: Permission denied [fd=56]
01-15 00:55:30.462  3639  3670 E linker  : warning: unable to get realpath for the library "/data/app/com.github.chenxiaolong.dualbootpatcher.snapshot-1/lib/arm/libmbdevice.so". Will use given path.
01-15 00:55:30.464  3639  3670 E linker  : readlink("/proc/self/fd/57") failed: Permission denied [fd=57]
01-15 00:55:30.464  3639  3670 E linker  : warning: unable to get realpath for the library "/data/app/com.github.chenxiaolong.dualbootpatcher.snapshot-1/lib/arm/libmbcommon.so". Will use given path.
01-15 00:55:30.467  3639  3670 E linker  : readlink("/proc/self/fd/59") failed: Permission denied [fd=59]
01-15 00:55:30.467  3639  3670 E linker  : warning: unable to get realpath for the library "/data/app/com.github.chenxiaolong.dualbootpatcher.snapshot-1/lib/arm/libc++_shared.so". Will use given path.
--------- beginning of main
01-15 00:55:30.676  3639  3670 D SwitcherService: Attempting to stop service
01-15 00:55:30.676  3639  3670 D SwitcherService: Calling stopSelf(): there are no more operations
01-15 00:55:32.175  3639  3659 E linker  : readlink("/proc/self/fd/44") failed: Permission denied [fd=44]
01-15 00:55:32.175  3639  3659 E linker  : warning: unable to get realpath for the library "/system/lib/hw/gralloc.mt6582.so". Will use given path.
01-15 00:55:32.177  3639  3659 E linker  : readlink("/proc/self/fd/44") failed: Permission denied [fd=44]
01-15 00:55:32.177  3639  3659 E linker  : warning: unable to get realpath for the library "/system/lib/hw/gralloc.mt6582.so". Will use given path.
01-15 00:55:32.179  3639  3659 E linker  : readlink("/proc/self/fd/44") failed: Permission denied [fd=44]
01-15 00:55:32.179  3639  3659 E linker  : warning: unable to get realpath for the library "/system/lib/hw/gralloc.mt6582.so". Will use given path.
01-15 00:55:32.225  3639  3639 I AppCompatViewInflater: app:theme is now deprecated. Please move to using android:theme instead.
01-15 00:55:32.303  3639  3659 E linker  : readlink("/proc/self/fd/48") failed: Permission denied [fd=48]
01-15 00:55:32.304  3639  3659 E linker  : warning: unable to get realpath for the library "/system/lib/hw/gralloc.mt6582.so". Will use given path.
01-15 00:55:32.305  3639  3659 I MaliEGL : [Mali]window_type=1, is_framebuffer=0, errnum = 0
01-15 00:55:32.305  3639  3659 I MaliEGL : [Mali]surface->num_buffers=4, surface->num_frames=3, win_min_undequeued=1
01-15 00:55:32.305  3639  3659 I MaliEGL : [Mali]max_allowed_dequeued_buffers=3
01-15 00:55:32.391  3639  3639 D SwitcherService: onDestroy()
01-15 00:55:32.393  3639  3639 D SwitcherService: onCreate()
01-15 00:55:32.400  3639  3639 D SwitcherService: onBind(intent=Intent { cmp=com.github.chenxiaolong.dualbootpatcher.snapshot/com.github.chenxiaolong.dualbootpatcher.switcher.SwitcherService })
01-15 00:55:32.403  3639  3639 D SwitcherService: onStartCommand(intent=Intent { cmp=com.github.chenxiaolong.dualbootpatcher.snapshot/com.github.chenxiaolong.dualbootpatcher.switcher.SwitcherService }, flags=0, startId=1)
01-15 00:55:32.422  3639  3659 E linker  : readlink("/proc/self/fd/50") failed: Permission denied [fd=50]
01-15 00:55:32.422  3639  3659 E linker  : warning: unable to get realpath for the library "/system/lib/hw/gralloc.mt6582.so". Will use given path.
01-15 00:55:32.433  3639  3639 D SwitcherService: Added runnable com.github.chenxiaolong.dualbootpatcher.switcher.service.BootUIActionTask@6b3240a to thread pool: default
01-15 00:55:32.436  3639  3659 E linker  : readlink("/proc/self/fd/55") failed: Permission denied [fd=55]
01-15 00:55:32.436  3639  3659 E linker  : warning: unable to get realpath for the library "/system/lib/hw/gralloc.mt6582.so". Will use given path.
