--------- beginning of main
01-15 00:26:22.425  6499  6499 I AppCompatViewInflater: app:theme is now deprecated. Please move to using android:theme instead.
01-15 00:26:22.507  6499  6499 W Settings: Setting airplane_mode_on has moved from android.provider.Settings.System to android.provider.Settings.Global, returning read-only value.
01-15 00:26:22.624  6499  6518 E linker  : readlink("/proc/self/fd/44") failed: Permission denied [fd=44]
01-15 00:26:22.624  6499  6518 E linker  : warning: unable to get realpath for the library "/system/lib/hw/gralloc.mt6582.so". Will use given path.
01-15 00:26:22.647  6499  6518 E linker  : readlink("/proc/self/fd/45") failed: Permission denied [fd=45]
01-15 00:26:22.647  6499  6518 E linker  : warning: unable to get realpath for the library "/system/lib/liblog.so". Will use given path.
01-15 00:26:22.647  6499  6518 E linker  : readlink("/proc/self/fd/46") failed: Permission denied [fd=46]
01-15 00:26:22.647  6499  6518 E linker  : warning: unable to get realpath for the library "/system/lib/libcutils.so". Will use given path.
01-15 00:26:22.648  6499  6518 E linker  : readlink("/proc/self/fd/47") failed: Permission denied [fd=47]
01-15 00:26:22.648  6499  6518 E linker  : warning: unable to get realpath for the library "/system/lib/libMali.so". Will use given path.
01-15 00:26:22.648  6499  6518 E linker  : readlink("/proc/self/fd/48") failed: Permission denied [fd=48]
01-15 00:26:22.648  6499  6518 E linker  : warning: unable to get realpath for the library "/system/lib/libGLESv1_CM.so". Will use given path.
01-15 00:26:22.648  6499  6518 E linker  : readlink("/proc/self/fd/49") failed: Permission denied [fd=49]
01-15 00:26:22.648  6499  6518 E linker  : warning: unable to get realpath for the library "/system/lib/libion.so". Will use given path.
01-15 00:26:22.648  6499  6518 E linker  : readlink("/proc/self/fd/50") failed: Permission denied [fd=50]
01-15 00:26:22.649  6499  6518 E linker  : warning: unable to get realpath for the library "/system/lib/libhardware.so". Will use given path.
01-15 00:26:22.649  6499  6518 E linker  : readlink("/proc/self/fd/51") failed: Permission denied [fd=51]
01-15 00:26:22.649  6499  6518 E linker  : warning: unable to get realpath for the library "/system/lib/libion_mtk.so". Will use given path.
01-15 00:26:22.649  6499  6518 E linker  : readlink("/proc/self/fd/52") failed: Permission denied [fd=52]
01-15 00:26:22.649  6499  6518 E linker  : warning: unable to get realpath for the library "/system/lib/libmtk_mali_user.so". Will use given path.
01-15 00:26:22.649  6499  6518 E linker  : readlink("/proc/self/fd/53") failed: Permission denied [fd=53]
01-15 00:26:22.649  6499  6518 E linker  : warning: unable to get realpath for the library "/system/lib/libutils.so". Will use given path.
01-15 00:26:22.650  6499  6518 E linker  : readlink("/proc/self/fd/54") failed: Permission denied [fd=54]
01-15 00:26:22.650  6499  6518 E linker  : warning: unable to get realpath for the library "/system/lib/libc++.so". Will use given path.
01-15 00:26:22.650  6499  6518 E linker  : readlink("/proc/self/fd/55") failed: Permission denied [fd=55]
01-15 00:26:22.650  6499  6518 E linker  : warning: unable to get realpath for the library "/system/lib/libc.so". Will use given path.
01-15 00:26:22.650  6499  6518 E linker  : readlink("/proc/self/fd/56") failed: Permission denied [fd=56]
01-15 00:26:22.650  6499  6518 E linker  : warning: unable to get realpath for the library "/system/lib/libm.so". Will use given path.
01-15 00:26:22.652  6499  6518 I OpenGLRenderer: Initialized EGL, version 1.4
01-15 00:26:22.652  6499  6518 D OpenGLRenderer: Swap behavior 1
01-15 00:26:22.658  6499  6518 E linker  : readlink("/proc/self/fd/45") failed: Permission denied [fd=45]
01-15 00:26:22.658  6499  6518 E linker  : warning: unable to get realpath for the library "/system/lib/hw/gralloc.mt6582.so". Will use given path.
01-15 00:26:22.659  6499  6518 E linker  : readlink("/proc/self/fd/47") failed: Permission denied [fd=47]
01-15 00:26:22.659  6499  6518 E linker  : warning: unable to get realpath for the library "/system/lib/hw/gralloc.mt6582.so". Will use given path.
01-15 00:26:22.660  6499  6518 I MaliEGL : [Mali]window_type=1, is_framebuffer=0, errnum = 0
01-15 00:26:22.660  6499  6518 I MaliEGL : [Mali]surface->num_buffers=4, surface->num_frames=3, win_min_undequeued=1
01-15 00:26:22.660  6499  6518 I MaliEGL : [Mali]max_allowed_dequeued_buffers=3
01-15 00:26:22.783  6499  6518 E linker  : readlink("/proc/self/fd/48") failed: Permission denied [fd=48]
01-15 00:26:22.784  6499  6518 E linker  : warning: unable to get realpath for the library "/system/lib/hw/gralloc.mt6582.so". Will use given path.
01-15 00:26:22.869  6499  6518 E linker  : readlink("/proc/self/fd/49") failed: Permission denied [fd=49]
01-15 00:26:22.869  6499  6518 E linker  : warning: unable to get realpath for the library "/system/lib/hw/gralloc.mt6582.so". Will use given path.
01-15 00:26:22.882  6499  6518 E linker  : readlink("/proc/self/fd/51") failed: Permission denied [fd=51]
01-15 00:26:22.882  6499  6518 E linker  : warning: unable to get realpath for the library "/system/lib/hw/gralloc.mt6582.so". Will use given path.
01-15 00:26:27.472  6499  6499 I AppCompatViewInflater: app:theme is now deprecated. Please move to using android:theme instead.
01-15 00:26:27.544  6499  6518 E linker  : readlink("/proc/self/fd/57") failed: Permission denied [fd=57]
01-15 00:26:27.544  6499  6518 E linker  : warning: unable to get realpath for the library "/system/lib/hw/gralloc.mt6582.so". Will use given path.
01-15 00:26:27.545  6499  6518 I MaliEGL : [Mali]window_type=1, is_framebuffer=0, errnum = 0
01-15 00:26:27.545  6499  6518 I MaliEGL : [Mali]surface->num_buffers=4, surface->num_frames=3, win_min_undequeued=1
01-15 00:26:27.545  6499  6518 I MaliEGL : [Mali]max_allowed_dequeued_buffers=3
01-15 00:26:27.636  6499  6518 E linker  : readlink("/proc/self/fd/64") failed: Permission denied [fd=64]
01-15 00:26:27.636  6499  6518 E linker  : warning: unable to get realpath for the library "/system/lib/hw/gralloc.mt6582.so". Will use given path.
01-15 00:26:27.672  6499  6518 E linker  : readlink("/proc/self/fd/66") failed: Permission denied [fd=66]
01-15 00:26:27.672  6499  6518 E linker  : warning: unable to get realpath for the library "/system/lib/hw/gralloc.mt6582.so". Will use given path.
01-15 00:26:27.745  6499  6518 E linker  : readlink("/proc/self/fd/48") failed: Permission denied [fd=48]
01-15 00:26:27.745  6499  6518 E linker  : warning: unable to get realpath for the library "/system/lib/hw/gralloc.mt6582.so". Will use given path.
01-15 00:26:27.746  6499  6518 E linker  : readlink("/proc/self/fd/48") failed: Permission denied [fd=48]
01-15 00:26:27.747  6499  6518 E linker  : warning: unable to get realpath for the library "/system/lib/hw/gralloc.mt6582.so". Will use given path.
01-15 00:26:27.748  6499  6518 E linker  : readlink("/proc/self/fd/47") failed: Permission denied [fd=47]
01-15 00:26:27.748  6499  6518 E linker  : warning: unable to get realpath for the library "/system/lib/hw/gralloc.mt6582.so". Will use given path.
01-15 00:26:27.800  6499  6528 D RomUtils: mbtool says current ROM ID is: primary
01-15 00:26:27.821  6499  6528 E RomConfig: Failed to load /storage/emulated/0/MultiBoot/primary/config.json
01-15 00:26:27.821  6499  6528 E RomConfig: java.io.FileNotFoundException: /storage/emulated/0/MultiBoot/primary/config.json (No such file or directory)
01-15 00:26:27.821  6499  6528 E RomConfig: 	at java.io.FileInputStream.open(Native Method)
01-15 00:26:27.821  6499  6528 E RomConfig: 	at java.io.FileInputStream.<init>(FileInputStream.java:146)
01-15 00:26:27.821  6499  6528 E RomConfig: 	at java.io.FileInputStream.<init>(FileInputStream.java:99)
01-15 00:26:27.821  6499  6528 E RomConfig: 	at java.io.FileReader.<init>(FileReader.java:58)
01-15 00:26:27.821  6499  6528 E RomConfig: 	at com.github.chenxiaolong.dualbootpatcher.RomConfig.loadFile(RomConfig.java:221)
01-15 00:26:27.821  6499  6528 E RomConfig: 	at com.github.chenxiaolong.dualbootpatcher.RomConfig.getConfig(RomConfig.java:79)
01-15 00:26:27.821  6499  6528 E RomConfig: 	at com.github.chenxiaolong.dualbootpatcher.RomUtils.loadConfig(RomUtils.java:300)
01-15 00:26:27.821  6499  6528 E RomConfig: 	at com.github.chenxiaolong.dualbootpatcher.RomUtils.getRoms(RomUtils.java:275)
01-15 00:26:27.821  6499  6528 E RomConfig: 	at com.github.chenxiaolong.dualbootpatcher.RomUtils.getCurrentRom(RomUtils.java:251)
01-15 00:26:27.821  6499  6528 E RomConfig: 	at com.github.chenxiaolong.dualbootpatcher.appsharing.AppSharingSettingsFragment$GetInfo.loadInBackground(AppSharingSettingsFragment.java:319)
01-15 00:26:27.821  6499  6528 E RomConfig: 	at com.github.chenxiaolong.dualbootpatcher.appsharing.AppSharingSettingsFragment$GetInfo.loadInBackground(AppSharingSettingsFragment.java:292)
01-15 00:26:27.821  6499  6528 E RomConfig: 	at android.support.v4.b.a.onLoadInBackground(AsyncTaskLoader.java:306)
01-15 00:26:27.821  6499  6528 E RomConfig: 	at android.support.v4.b.a$a.a(AsyncTaskLoader.java:59)
01-15 00:26:27.821  6499  6528 E RomConfig: 	at android.support.v4.b.a$a.a(AsyncTaskLoader.java:47)
01-15 00:26:27.821  6499  6528 E RomConfig: 	at android.support.v4.b.d$2.call(ModernAsyncTask.java:138)
01-15 00:26:27.821  6499  6528 E RomConfig: 	at java.util.concurrent.FutureTask.run(FutureTask.java:237)
01-15 00:26:27.821  6499  6528 E RomConfig: 	at java.util.concurrent.ThreadPoolExecutor.runWorker(ThreadPoolExecutor.java:1133)
01-15 00:26:27.821  6499  6528 E RomConfig: 	at java.util.concurrent.ThreadPoolExecutor$Worker.run(ThreadPoolExecutor.java:607)
01-15 00:26:27.821  6499  6528 E RomConfig: 	at java.lang.Thread.run(Thread.java:761)
01-15 00:26:27.823  6499  6528 W System.err: com.github.chenxiaolong.dualbootpatcher.Version$VersionParseException: Invalid version number: 
01-15 00:26:27.823  6499  6528 W System.err: 	at com.github.chenxiaolong.dualbootpatcher.Version.parseVersion(Version.java:58)
01-15 00:26:27.823  6499  6528 W System.err: 	at com.github.chenxiaolong.dualbootpatcher.Version.<init>(Version.java:50)
01-15 00:26:27.823  6499  6528 W System.err: 	at com.github.chenxiaolong.dualbootpatcher.socket.MbtoolUtils.getSystemMbtoolVersion(MbtoolUtils.java:47)
01-15 00:26:27.824  6499  6528 W System.err: 	at com.github.chenxiaolong.dualbootpatcher.appsharing.AppSharingSettingsFragment$GetInfo.loadInBackground(AppSharingSettingsFragment.java:332)
01-15 00:26:27.824  6499  6528 W System.err: 	at com.github.chenxiaolong.dualbootpatcher.appsharing.AppSharingSettingsFragment$GetInfo.loadInBackground(AppSharingSettingsFragment.java:292)
01-15 00:26:27.824  6499  6528 W System.err: 	at android.support.v4.b.a.onLoadInBackground(AsyncTaskLoader.java:306)
01-15 00:26:27.824  6499  6528 W System.err: 	at android.support.v4.b.a$a.a(AsyncTaskLoader.java:59)
01-15 00:26:27.824  6499  6528 W System.err: 	at android.support.v4.b.a$a.a(AsyncTaskLoader.java:47)
01-15 00:26:27.824  6499  6528 W System.err: 	at android.support.v4.b.d$2.call(ModernAsyncTask.java:138)
01-15 00:26:27.824  6499  6528 W System.err: 	at java.util.concurrent.FutureTask.run(FutureTask.java:237)
01-15 00:26:27.824  6499  6528 W System.err: 	at java.util.concurrent.ThreadPoolExecutor.runWorker(ThreadPoolExecutor.java:1133)
01-15 00:26:27.824  6499  6528 W System.err: 	at java.util.concurrent.ThreadPoolExecutor$Worker.run(ThreadPoolExecutor.java:607)
01-15 00:26:27.824  6499  6528 W System.err: 	at java.lang.Thread.run(Thread.java:761)
01-15 00:26:27.910  6499  6518 E linker  : readlink("/proc/self/fd/50") failed: Permission denied [fd=50]
01-15 00:26:27.910  6499  6518 E linker  : warning: unable to get realpath for the library "/system/lib/hw/gralloc.mt6582.so". Will use given path.
01-15 00:26:27.911  6499  6518 I MaliEGL : [Mali]window_type=1, is_framebuffer=0, errnum = 0
01-15 00:26:27.911  6499  6518 I MaliEGL : [Mali]surface->num_buffers=4, surface->num_frames=3, win_min_undequeued=1
01-15 00:26:27.911  6499  6518 I MaliEGL : [Mali]max_allowed_dequeued_buffers=3
01-15 00:26:27.922  6499  6518 E linker  : readlink("/proc/self/fd/51") failed: Permission denied [fd=51]
01-15 00:26:27.923  6499  6518 E linker  : warning: unable to get realpath for the library "/system/lib/hw/gralloc.mt6582.so". Will use given path.
01-15 00:26:27.971  6499  6518 E linker  : readlink("/proc/self/fd/54") failed: Permission denied [fd=54]
01-15 00:26:27.971  6499  6518 E linker  : warning: unable to get realpath for the library "/system/lib/hw/gralloc.mt6582.so". Will use given path.
01-15 00:26:27.973  6499  6518 I MaliEGL : [Mali]window_type=1, is_framebuffer=0, errnum = 0
01-15 00:26:27.973  6499  6518 I MaliEGL : [Mali]surface->num_buffers=4, surface->num_frames=3, win_min_undequeued=1
01-15 00:26:27.973  6499  6518 I MaliEGL : [Mali]max_allowed_dequeued_buffers=3
01-15 00:26:27.976  6499  6518 E linker  : readlink("/proc/self/fd/44") failed: Permission denied [fd=44]
01-15 00:26:27.976  6499  6518 E linker  : warning: unable to get realpath for the library "/system/lib/hw/gralloc.mt6582.so". Will use given path.
01-15 00:26:27.977  6499  6518 E linker  : readlink("/proc/self/fd/44") failed: Permission denied [fd=44]
01-15 00:26:27.977  6499  6518 E linker  : warning: unable to get realpath for the library "/system/lib/hw/gralloc.mt6582.so". Will use given path.
01-15 00:26:27.978  6499  6518 E linker  : readlink("/proc/self/fd/44") failed: Permission denied [fd=44]
01-15 00:26:27.978  6499  6518 E linker  : warning: unable to get realpath for the library "/system/lib/hw/gralloc.mt6582.so". Will use given path.
01-15 00:26:27.993  6499  6518 E linker  : readlink("/proc/self/fd/54") failed: Permission denied [fd=54]
01-15 00:26:27.993  6499  6518 E linker  : warning: unable to get realpath for the library "/system/lib/hw/gralloc.mt6582.so". Will use given path.
01-15 00:26:31.361  6499  6518 E linker  : readlink("/proc/self/fd/46") failed: Permission denied [fd=46]
01-15 00:26:31.362  6499  6518 E linker  : warning: unable to get realpath for the library "/system/lib/hw/gralloc.mt6582.so". Will use given path.
01-15 00:26:31.366  6499  6518 E linker  : readlink("/proc/self/fd/46") failed: Permission denied [fd=46]
01-15 00:26:31.366  6499  6518 E linker  : warning: unable to get realpath for the library "/system/lib/hw/gralloc.mt6582.so". Will use given path.
01-15 00:26:32.042  6499  6518 E linker  : readlink("/proc/self/fd/48") failed: Permission denied [fd=48]
01-15 00:26:32.043  6499  6518 E linker  : warning: unable to get realpath for the library "/system/lib/hw/gralloc.mt6582.so". Will use given path.
01-15 00:26:32.084  6499  6518 E linker  : readlink("/proc/self/fd/50") failed: Permission denied [fd=50]
01-15 00:26:32.084  6499  6518 E linker  : warning: unable to get realpath for the library "/system/lib/hw/gralloc.mt6582.so". Will use given path.
01-15 00:26:33.518  6499  6499 D SwitcherService: onCreate()
01-15 00:26:33.527  6499  6499 D SwitcherService: onBind(intent=Intent { cmp=com.github.chenxiaolong.dualbootpatcher.snapshot/com.github.chenxiaolong.dualbootpatcher.switcher.SwitcherService })
01-15 00:26:33.528  6499  6499 D SwitcherService: onStartCommand(intent=Intent { cmp=com.github.chenxiaolong.dualbootpatcher.snapshot/com.github.chenxiaolong.dualbootpatcher.switcher.SwitcherService }, flags=0, startId=1)
01-15 00:26:33.657  6499  6499 D SwitcherService: Added runnable com.github.chenxiaolong.dualbootpatcher.switcher.service.GetRomsStateTask@fc594e7 to thread pool: default
01-15 00:26:33.728  6499  6532 D RomUtils: mbtool says current ROM ID is: primary
01-15 00:26:33.810  6499  6532 E linker  : readlink("/proc/self/fd/55") failed: Permission denied [fd=55]
01-15 00:26:33.810  6499  6532 E linker  : warning: unable to get realpath for the library "/data/app/com.github.chenxiaolong.dualbootpatcher.snapshot-1/lib/arm/libjnidispatch.so". Will use given path.
01-15 00:26:33.820  6499  6532 E linker  : readlink("/proc/self/fd/46") failed: Permission denied [fd=46]
01-15 00:26:33.820  6499  6532 E linker  : warning: unable to get realpath for the library "/data/app/com.github.chenxiaolong.dualbootpatcher.snapshot-1/lib/arm/libmbdevice.so". Will use given path.
01-15 00:26:33.822  6499  6532 E linker  : readlink("/proc/self/fd/48") failed: Permission denied [fd=48]
01-15 00:26:33.822  6499  6532 E linker  : warning: unable to get realpath for the library "/data/app/com.github.chenxiaolong.dualbootpatcher.snapshot-1/lib/arm/libmbcommon.so". Will use given path.
01-15 00:26:33.825  6499  6532 E linker  : readlink("/proc/self/fd/66") failed: Permission denied [fd=66]
01-15 00:26:33.825  6499  6532 E linker  : warning: unable to get realpath for the library "/data/app/com.github.chenxiaolong.dualbootpatcher.snapshot-1/lib/arm/libc++_shared.so". Will use given path.
01-15 00:26:33.874  6499  6532 E SwitcherUtils: Failed to determine boot partition
01-15 00:26:33.875  6499  6532 D GetRomsStateTask: It took 129 milliseconds to complete boot image checks
01-15 00:26:33.875  6499  6532 D GetRomsStateTask: Current boot partition ROM ID: null
01-15 00:26:33.875  6499  6532 D GetRomsStateTask: Kernel status: UNKNOWN
01-15 00:26:33.876  6499  6532 D SwitcherService: Attempting to stop service
01-15 00:26:33.876  6499  6532 D SwitcherService: Not stopping: # of operations: 0, is bound: true
01-15 00:26:35.456  6499  6499 I AppCompatViewInflater: app:theme is now deprecated. Please move to using android:theme instead.
01-15 00:26:35.474  6499  6499 W System.err: com.github.chenxiaolong.dualbootpatcher.Version$VersionParseException: Invalid version number: 
01-15 00:26:35.474  6499  6499 W System.err: 	at com.github.chenxiaolong.dualbootpatcher.Version.parseVersion(Version.java:58)
01-15 00:26:35.474  6499  6499 W System.err: 	at com.github.chenxiaolong.dualbootpatcher.Version.<init>(Version.java:50)
01-15 00:26:35.474  6499  6499 W System.err: 	at com.github.chenxiaolong.dualbootpatcher.socket.MbtoolUtils.getSystemMbtoolVersion(MbtoolUtils.java:47)
01-15 00:26:35.474  6499  6499 W System.err: 	at com.github.chenxiaolong.dualbootpatcher.switcher.RomDetailActivity.updateMbtoolStatus(RomDetailActivity.java:450)
01-15 00:26:35.474  6499  6499 W System.err: 	at com.github.chenxiaolong.dualbootpatcher.switcher.RomDetailActivity.onCreate(RomDetailActivity.java:295)
01-15 00:26:35.474  6499  6499 W System.err: 	at android.app.Activity.performCreate(Activity.java:6738)
01-15 00:26:35.474  6499  6499 W System.err: 	at android.app.Instrumentation.callActivityOnCreate(Instrumentation.java:1119)
01-15 00:26:35.474  6499  6499 W System.err: 	at android.app.ActivityThread.performLaunchActivity(ActivityThread.java:2652)
01-15 00:26:35.474  6499  6499 W System.err: 	at android.app.ActivityThread.handleLaunchActivity(ActivityThread.java:2766)
01-15 00:26:35.474  6499  6499 W System.err: 	at android.app.ActivityThread.-wrap12(ActivityThread.java)
01-15 00:26:35.474  6499  6499 W System.err: 	at android.app.ActivityThread$H.handleMessage(ActivityThread.java:1507)
01-15 00:26:35.474  6499  6499 W System.err: 	at android.os.Handler.dispatchMessage(Handler.java:102)
01-15 00:26:35.474  6499  6499 W System.err: 	at android.os.Looper.loop(Looper.java:154)
01-15 00:26:35.474  6499  6499 W System.err: 	at android.app.ActivityThread.main(ActivityThread.java:6236)
01-15 00:26:35.474  6499  6499 W System.err: 	at java.lang.reflect.Method.invoke(Native Method)
01-15 00:26:35.475  6499  6499 W System.err: 	at com.android.internal.os.ZygoteInit$MethodAndArgsCaller.run(ZygoteInit.java:891)
01-15 00:26:35.475  6499  6499 W System.err: 	at com.android.internal.os.ZygoteInit.main(ZygoteInit.java:781)
01-15 00:26:35.524  6499  6518 E linker  : readlink("/proc/self/fd/57") failed: Permission denied [fd=57]
01-15 00:26:35.524  6499  6518 E linker  : warning: unable to get realpath for the library "/system/lib/hw/gralloc.mt6582.so". Will use given path.
01-15 00:26:35.525  6499  6518 I MaliEGL : [Mali]window_type=1, is_framebuffer=0, errnum = 0
01-15 00:26:35.525  6499  6518 I MaliEGL : [Mali]surface->num_buffers=4, surface->num_frames=3, win_min_undequeued=1
01-15 00:26:35.525  6499  6518 I MaliEGL : [Mali]max_allowed_dequeued_buffers=3
01-15 00:26:35.632  6499  6499 D SwitcherService: Added runnable com.github.chenxiaolong.dualbootpatcher.switcher.service.CacheWallpaperTask@b10871a to thread pool: default
01-15 00:26:35.633  6499  6499 D SwitcherService: Added runnable com.github.chenxiaolong.dualbootpatcher.switcher.service.GetRomDetailsTask@15d2428 to thread pool: default
01-15 00:26:35.634  6499  6499 D SwitcherService: onStartCommand(intent=Intent { cmp=com.github.chenxiaolong.dualbootpatcher.snapshot/com.github.chenxiaolong.dualbootpatcher.switcher.SwitcherService }, flags=0, startId=2)
01-15 00:26:35.648  6499  6518 E linker  : readlink("/proc/self/fd/59") failed: Permission denied [fd=59]
01-15 00:26:35.648  6499  6518 E linker  : warning: unable to get realpath for the library "/system/lib/hw/gralloc.mt6582.so". Will use given path.
01-15 00:26:35.705  6499  6536 E CacheWallpaperTask: mbtool communication error
01-15 00:26:35.705  6499  6536 E CacheWallpaperTask: java.io.FileNotFoundException: /storage/emulated/0/MultiBoot/primary/wallpaper.webp (No such file or directory)
01-15 00:26:35.705  6499  6536 E CacheWallpaperTask: 	at java.io.FileOutputStream.open(Native Method)
01-15 00:26:35.705  6499  6536 E CacheWallpaperTask: 	at java.io.FileOutputStream.<init>(FileOutputStream.java:221)
01-15 00:26:35.705  6499  6536 E CacheWallpaperTask: 	at java.io.FileOutputStream.<init>(FileOutputStream.java:169)
01-15 00:26:35.705  6499  6536 E CacheWallpaperTask: 	at com.github.chenxiaolong.dualbootpatcher.RomUtils.cacheWallpaper(RomUtils.java:443)
01-15 00:26:35.705  6499  6536 E CacheWallpaperTask: 	at com.github.chenxiaolong.dualbootpatcher.switcher.service.CacheWallpaperTask.execute(CacheWallpaperTask.java:66)
01-15 00:26:35.705  6499  6536 E CacheWallpaperTask: 	at com.github.chenxiaolong.dualbootpatcher.switcher.service.BaseServiceTask.run(BaseServiceTask.java:125)
01-15 00:26:35.705  6499  6536 E CacheWallpaperTask: 	at com.github.chenxiaolong.dualbootpatcher.ThreadPoolService$1.run(ThreadPoolService.java:181)
01-15 00:26:35.705  6499  6536 E CacheWallpaperTask: 	at java.util.concurrent.ThreadPoolExecutor.runWorker(ThreadPoolExecutor.java:1133)
01-15 00:26:35.705  6499  6536 E CacheWallpaperTask: 	at java.util.concurrent.ThreadPoolExecutor$Worker.run(ThreadPoolExecutor.java:607)
01-15 00:26:35.705  6499  6536 E CacheWallpaperTask: 	at java.lang.Thread.run(Thread.java:761)
01-15 00:26:35.706  6499  6536 D SwitcherService: Attempting to stop service
01-15 00:26:35.707  6499  6536 D SwitcherService: Not stopping: # of operations: 1, is bound: true
01-15 00:26:35.711  6499  6518 E linker  : readlink("/proc/self/fd/57") failed: Permission denied [fd=57]
01-15 00:26:35.711  6499  6518 E linker  : warning: unable to get realpath for the library "/system/lib/hw/gralloc.mt6582.so". Will use given path.
01-15 00:26:35.731  6499  6518 E linker  : readlink("/proc/self/fd/46") failed: Permission denied [fd=46]
01-15 00:26:35.731  6499  6518 E linker  : warning: unable to get realpath for the library "/system/lib/hw/gralloc.mt6582.so". Will use given path.
01-15 00:26:35.732  6499  6518 E linker  : readlink("/proc/self/fd/46") failed: Permission denied [fd=46]
01-15 00:26:35.732  6499  6518 E linker  : warning: unable to get realpath for the library "/system/lib/hw/gralloc.mt6582.so". Will use given path.
01-15 00:26:35.733  6499  6518 E linker  : readlink("/proc/self/fd/46") failed: Permission denied [fd=46]
01-15 00:26:35.733  6499  6518 E linker  : warning: unable to get realpath for the library "/system/lib/hw/gralloc.mt6582.so". Will use given path.
01-15 00:26:35.734  6499  6518 E linker  : readlink("/proc/self/fd/46") failed: Permission denied [fd=46]
01-15 00:26:35.734  6499  6518 E linker  : warning: unable to get realpath for the library "/system/lib/hw/gralloc.mt6582.so". Will use given path.
01-15 00:26:36.473  6499  6532 D SwitcherService: Attempting to stop service
01-15 00:26:36.473  6499  6532 D SwitcherService: Not stopping: # of operations: 0, is bound: true
01-15 00:26:41.281  6499  6499 D SwitcherService: onUnbind(intent=Intent { cmp=com.github.chenxiaolong.dualbootpatcher.snapshot/com.github.chenxiaolong.dualbootpatcher.switcher.SwitcherService })
01-15 00:26:41.281  6499  6499 D SwitcherService: Attempting to stop service
01-15 00:26:41.281  6499  6499 D SwitcherService: Calling stopSelf(): there are no more operations
01-15 00:26:41.297  6499  6518 E linker  : readlink("/proc/self/fd/44") failed: Permission denied [fd=44]
01-15 00:26:41.297  6499  6518 E linker  : warning: unable to get realpath for the library "/system/lib/hw/gralloc.mt6582.so". Will use given path.
01-15 00:26:41.298  6499  6518 E linker  : readlink("/proc/self/fd/44") failed: Permission denied [fd=44]
01-15 00:26:41.298  6499  6518 E linker  : warning: unable to get realpath for the library "/system/lib/hw/gralloc.mt6582.so". Will use given path.
01-15 00:26:41.299  6499  6518 E linker  : readlink("/proc/self/fd/44") failed: Permission denied [fd=44]
01-15 00:26:41.299  6499  6518 E linker  : warning: unable to get realpath for the library "/system/lib/hw/gralloc.mt6582.so". Will use given path.
01-15 00:26:41.305  6499  6499 D SwitcherService: onDestroy()
01-15 00:26:51.481  6499  6518 E linker  : readlink("/proc/self/fd/47") failed: Permission denied [fd=47]
01-15 00:26:51.481  6499  6518 E linker  : warning: unable to get realpath for the library "/system/lib/hw/gralloc.mt6582.so". Will use given path.
01-15 00:26:51.482  6499  6499 D SwitcherService: onCreate()
01-15 00:26:51.482  6499  6518 I MaliEGL : [Mali]window_type=1, is_framebuffer=0, errnum = 0
01-15 00:26:51.482  6499  6518 I MaliEGL : [Mali]surface->num_buffers=4, surface->num_frames=3, win_min_undequeued=1
01-15 00:26:51.482  6499  6518 I MaliEGL : [Mali]max_allowed_dequeued_buffers=3
01-15 00:26:51.488  6499  6499 D SwitcherService: onBind(intent=Intent { cmp=com.github.chenxiaolong.dualbootpatcher.snapshot/com.github.chenxiaolong.dualbootpatcher.switcher.SwitcherService })
01-15 00:26:51.489  6499  6499 D SwitcherService: onStartCommand(intent=Intent { cmp=com.github.chenxiaolong.dualbootpatcher.snapshot/com.github.chenxiaolong.dualbootpatcher.switcher.SwitcherService }, flags=0, startId=1)
01-15 00:26:51.517  6499  6518 E linker  : readlink("/proc/self/fd/49") failed: Permission denied [fd=49]
01-15 00:26:51.517  6499  6518 E linker  : warning: unable to get realpath for the library "/system/lib/hw/gralloc.mt6582.so". Will use given path.
01-15 00:26:51.617  6499  6518 E linker  : readlink("/proc/self/fd/52") failed: Permission denied [fd=52]
01-15 00:26:51.617  6499  6518 E linker  : warning: unable to get realpath for the library "/system/lib/hw/gralloc.mt6582.so". Will use given path.
01-15 00:26:51.624  6499  6518 E linker  : readlink("/proc/self/fd/54") failed: Permission denied [fd=54]
01-15 00:26:51.625  6499  6518 E linker  : warning: unable to get realpath for the library "/system/lib/hw/gralloc.mt6582.so". Will use given path.
01-15 00:26:58.226  6499  6499 D SwitcherService: Added runnable com.github.chenxiaolong.dualbootpatcher.switcher.service.CreateRamdiskUpdaterTask@428937b to thread pool: default
01-15 00:26:58.292  6499  6572 D CreateRamdiskUpdaterTask: Creating ramdisk updater zip for primary (version: 9.3.0.r330.g6e79cd83.PR963-SNAPSHOT)
01-15 00:26:58.303  6499  6518 E linker  : readlink("/proc/self/fd/67") failed: Permission denied [fd=67]
01-15 00:26:58.303  6499  6518 E linker  : warning: unable to get realpath for the library "/system/lib/hw/gralloc.mt6582.so". Will use given path.
01-15 00:26:58.304  6499  6518 I MaliEGL : [Mali]window_type=1, is_framebuffer=0, errnum = 0
01-15 00:26:58.304  6499  6518 I MaliEGL : [Mali]surface->num_buffers=4, surface->num_frames=3, win_min_undequeued=1
01-15 00:26:58.304  6499  6518 I MaliEGL : [Mali]max_allowed_dequeued_buffers=3
01-15 00:26:58.314  6499  6572 D RomUtils: mbtool says current ROM ID is: primary
01-15 00:26:58.322  6499  6518 E linker  : readlink("/proc/self/fd/58") failed: Permission denied [fd=58]
01-15 00:26:58.322  6499  6518 E linker  : warning: unable to get realpath for the library "/system/lib/hw/gralloc.mt6582.so". Will use given path.
01-15 00:26:58.344  6499  6518 E linker  : readlink("/proc/self/fd/59") failed: Permission denied [fd=59]
01-15 00:26:58.345  6499  6518 E linker  : warning: unable to get realpath for the library "/system/lib/hw/gralloc.mt6582.so". Will use given path.
01-15 00:26:58.420  6499  6572 E MbtoolInterfaceV3: Failed to determine boot partition
01-15 00:26:58.421  6499  6572 E CreateRamdiskUpdaterTask: Failed to reflash boot image
01-15 00:26:58.421  6499  6572 E CreateRamdiskUpdaterTask: The kernel has not been backed up
01-15 00:26:58.754  6499  6572 D SwitcherService: Attempting to stop service
01-15 00:26:58.754  6499  6572 D SwitcherService: Not stopping: # of operations: 0, is bound: true
01-15 00:26:58.774  6499  6518 E linker  : readlink("/proc/self/fd/44") failed: Permission denied [fd=44]
01-15 00:26:58.774  6499  6518 E linker  : warning: unable to get realpath for the library "/system/lib/hw/gralloc.mt6582.so". Will use given path.
01-15 00:26:58.775  6499  6518 E linker  : readlink("/proc/self/fd/44") failed: Permission denied [fd=44]
01-15 00:26:58.775  6499  6518 E linker  : warning: unable to get realpath for the library "/system/lib/hw/gralloc.mt6582.so". Will use given path.
01-15 00:26:58.776  6499  6518 E linker  : readlink("/proc/self/fd/44") failed: Permission denied [fd=44]
01-15 00:26:58.776  6499  6518 E linker  : warning: unable to get realpath for the library "/system/lib/hw/gralloc.mt6582.so". Will use given path.
01-15 00:26:58.832  6499  6518 E linker  : readlink("/proc/self/fd/56") failed: Permission denied [fd=56]
01-15 00:26:58.832  6499  6518 E linker  : warning: unable to get realpath for the library "/system/lib/hw/gralloc.mt6582.so". Will use given path.
01-15 00:26:58.833  6499  6518 I MaliEGL : [Mali]window_type=1, is_framebuffer=0, errnum = 0
01-15 00:26:58.833  6499  6518 I MaliEGL : [Mali]surface->num_buffers=4, surface->num_frames=3, win_min_undequeued=1
01-15 00:26:58.833  6499  6518 I MaliEGL : [Mali]max_allowed_dequeued_buffers=3
01-15 00:26:58.849  6499  6518 E linker  : readlink("/proc/self/fd/57") failed: Permission denied [fd=57]
01-15 00:26:58.850  6499  6518 E linker  : warning: unable to get realpath for the library "/system/lib/hw/gralloc.mt6582.so". Will use given path.
01-15 00:26:58.866  6499  6518 E linker  : readlink("/proc/self/fd/61") failed: Permission denied [fd=61]
01-15 00:26:58.866  6499  6518 E linker  : warning: unable to get realpath for the library "/system/lib/hw/gralloc.mt6582.so". Will use given path.
01-15 00:27:02.274  6499  6518 E linker  : readlink("/proc/self/fd/44") failed: Permission denied [fd=44]
01-15 00:27:02.275  6499  6518 E linker  : warning: unable to get realpath for the library "/system/lib/hw/gralloc.mt6582.so". Will use given path.
01-15 00:27:02.275  6499  6518 E linker  : readlink("/proc/self/fd/44") failed: Permission denied [fd=44]
01-15 00:27:02.275  6499  6518 E linker  : warning: unable to get realpath for the library "/system/lib/hw/gralloc.mt6582.so". Will use given path.
01-15 00:27:02.276  6499  6518 E linker  : readlink("/proc/self/fd/44") failed: Permission denied [fd=44]
01-15 00:27:02.276  6499  6518 E linker  : warning: unable to get realpath for the library "/system/lib/hw/gralloc.mt6582.so". Will use given path.
01-15 00:27:03.824  6499  6518 E linker  : readlink("/proc/self/fd/59") failed: Permission denied [fd=59]
01-15 00:27:03.824  6499  6518 E linker  : warning: unable to get realpath for the library "/system/lib/hw/gralloc.mt6582.so". Will use given path.
01-15 00:27:03.825  6499  6518 I MaliEGL : [Mali]window_type=1, is_framebuffer=0, errnum = 0
01-15 00:27:03.825  6499  6518 I MaliEGL : [Mali]surface->num_buffers=4, surface->num_frames=3, win_min_undequeued=1
01-15 00:27:03.825  6499  6518 I MaliEGL : [Mali]max_allowed_dequeued_buffers=3
01-15 00:27:03.840  6499  6518 E linker  : readlink("/proc/self/fd/56") failed: Permission denied [fd=56]
01-15 00:27:03.840  6499  6518 E linker  : warning: unable to get realpath for the library "/system/lib/hw/gralloc.mt6582.so". Will use given path.
01-15 00:27:03.859  6499  6518 E linker  : readlink("/proc/self/fd/62") failed: Permission denied [fd=62]
01-15 00:27:03.859  6499  6518 E linker  : warning: unable to get realpath for the library "/system/lib/hw/gralloc.mt6582.so". Will use given path.
01-15 00:27:10.493  6499  6518 E linker  : readlink("/proc/self/fd/44") failed: Permission denied [fd=44]
01-15 00:27:10.494  6499  6518 E linker  : warning: unable to get realpath for the library "/system/lib/hw/gralloc.mt6582.so". Will use given path.
01-15 00:27:10.495  6499  6518 E linker  : readlink("/proc/self/fd/44") failed: Permission denied [fd=44]
01-15 00:27:10.495  6499  6518 E linker  : warning: unable to get realpath for the library "/system/lib/hw/gralloc.mt6582.so". Will use given path.
01-15 00:27:10.497  6499  6518 E linker  : readlink("/proc/self/fd/44") failed: Permission denied [fd=44]
01-15 00:27:10.497  6499  6518 E linker  : warning: unable to get realpath for the library "/system/lib/hw/gralloc.mt6582.so". Will use given path.
01-15 00:27:32.319  6499  6499 D SwitcherService: onStartCommand(intent=Intent { cmp=com.github.chenxiaolong.dualbootpatcher.snapshot/com.github.chenxiaolong.dualbootpatcher.switcher.SwitcherService }, flags=0, startId=2)
01-15 00:27:32.324  6499  6518 E linker  : readlink("/proc/self/fd/58") failed: Permission denied [fd=58]
01-15 00:27:32.324  6499  6518 E linker  : warning: unable to get realpath for the library "/system/lib/hw/gralloc.mt6582.so". Will use given path.
01-15 00:27:32.325  6499  6518 I MaliEGL : [Mali]window_type=1, is_framebuffer=0, errnum = 0
01-15 00:27:32.325  6499  6518 I MaliEGL : [Mali]surface->num_buffers=4, surface->num_frames=3, win_min_undequeued=1
01-15 00:27:32.325  6499  6518 I MaliEGL : [Mali]max_allowed_dequeued_buffers=3
01-15 00:27:32.349  6499  6518 E linker  : readlink("/proc/self/fd/60") failed: Permission denied [fd=60]
01-15 00:27:32.349  6499  6518 E linker  : warning: unable to get realpath for the library "/system/lib/hw/gralloc.mt6582.so". Will use given path.
01-15 00:27:32.463  6499  6518 E linker  : readlink("/proc/self/fd/59") failed: Permission denied [fd=59]
01-15 00:27:32.463  6499  6518 E linker  : warning: unable to get realpath for the library "/system/lib/hw/gralloc.mt6582.so". Will use given path.
01-15 00:27:32.471  6499  6518 E linker  : readlink("/proc/self/fd/49") failed: Permission denied [fd=49]
01-15 00:27:32.471  6499  6518 E linker  : warning: unable to get realpath for the library "/system/lib/hw/gralloc.mt6582.so". Will use given path.
01-15 00:27:32.472  6499  6518 E linker  : readlink("/proc/self/fd/49") failed: Permission denied [fd=49]
01-15 00:27:32.472  6499  6518 E linker  : warning: unable to get realpath for the library "/system/lib/hw/gralloc.mt6582.so". Will use given path.
01-15 00:27:32.473  6499  6518 E linker  : readlink("/proc/self/fd/49") failed: Permission denied [fd=49]
01-15 00:27:32.473  6499  6518 E linker  : warning: unable to get realpath for the library "/system/lib/hw/gralloc.mt6582.so". Will use given path.
01-15 00:27:32.473  6499  6518 E linker  : readlink("/proc/self/fd/48") failed: Permission denied [fd=48]
01-15 00:27:32.473  6499  6518 E linker  : warning: unable to get realpath for the library "/system/lib/hw/gralloc.mt6582.so". Will use given path.
01-15 00:27:35.329  6499  6499 D SwitcherService: onUnbind(intent=Intent { cmp=com.github.chenxiaolong.dualbootpatcher.snapshot/com.github.chenxiaolong.dualbootpatcher.switcher.SwitcherService })
01-15 00:27:35.329  6499  6499 D SwitcherService: Attempting to stop service
01-15 00:27:35.329  6499  6499 D SwitcherService: Calling stopSelf(): there are no more operations
01-15 00:27:35.393  6499  6518 E linker  : readlink("/proc/self/fd/44") failed: Permission denied [fd=44]
01-15 00:27:35.393  6499  6518 E linker  : warning: unable to get realpath for the library "/system/lib/hw/gralloc.mt6582.so". Will use given path.
01-15 00:27:35.395  6499  6518 E linker  : readlink("/proc/self/fd/44") failed: Permission denied [fd=44]
01-15 00:27:35.395  6499  6518 E linker  : warning: unable to get realpath for the library "/system/lib/hw/gralloc.mt6582.so". Will use given path.
01-15 00:27:35.396  6499  6518 E linker  : readlink("/proc/self/fd/44") failed: Permission denied [fd=44]
01-15 00:27:35.397  6499  6518 E linker  : warning: unable to get realpath for the library "/system/lib/hw/gralloc.mt6582.so". Will use given path.
01-15 00:27:35.413  6499  6499 D SwitcherService: onDestroy()
01-15 00:27:51.737  6499  6518 E linker  : readlink("/proc/self/fd/47") failed: Permission denied [fd=47]
01-15 00:27:51.737  6499  6518 E linker  : warning: unable to get realpath for the library "/system/lib/hw/gralloc.mt6582.so". Will use given path.
01-15 00:27:51.738  6499  6499 D SwitcherService: onCreate()
01-15 00:27:51.741  6499  6518 I MaliEGL : [Mali]window_type=1, is_framebuffer=0, errnum = 0
01-15 00:27:51.741  6499  6518 I MaliEGL : [Mali]surface->num_buffers=4, surface->num_frames=3, win_min_undequeued=1
01-15 00:27:51.741  6499  6518 I MaliEGL : [Mali]max_allowed_dequeued_buffers=3
01-15 00:27:51.747  6499  6499 D SwitcherService: onBind(intent=Intent { cmp=com.github.chenxiaolong.dualbootpatcher.snapshot/com.github.chenxiaolong.dualbootpatcher.switcher.SwitcherService })
01-15 00:27:51.748  6499  6499 D SwitcherService: onStartCommand(intent=Intent { cmp=com.github.chenxiaolong.dualbootpatcher.snapshot/com.github.chenxiaolong.dualbootpatcher.switcher.SwitcherService }, flags=0, startId=1)
01-15 00:27:51.783  6499  6518 E linker  : readlink("/proc/self/fd/48") failed: Permission denied [fd=48]
01-15 00:27:51.783  6499  6518 E linker  : warning: unable to get realpath for the library "/system/lib/hw/gralloc.mt6582.so". Will use given path.
01-15 00:27:51.920  6499  6518 E linker  : readlink("/proc/self/fd/51") failed: Permission denied [fd=51]
01-15 00:27:51.920  6499  6518 E linker  : warning: unable to get realpath for the library "/system/lib/hw/gralloc.mt6582.so". Will use given path.
01-15 00:27:52.981  6499  6518 E linker  : readlink("/proc/self/fd/53") failed: Permission denied [fd=53]
01-15 00:27:52.981  6499  6518 E linker  : warning: unable to get realpath for the library "/system/lib/hw/gralloc.mt6582.so". Will use given path.
01-15 00:27:55.259  6499  6499 I AppCompatViewInflater: app:theme is now deprecated. Please move to using android:theme instead.
01-15 00:27:55.329  6499  6518 E linker  : readlink("/proc/self/fd/59") failed: Permission denied [fd=59]
01-15 00:27:55.329  6499  6518 E linker  : warning: unable to get realpath for the library "/system/lib/hw/gralloc.mt6582.so". Will use given path.
01-15 00:27:55.330  6499  6518 I MaliEGL : [Mali]window_type=1, is_framebuffer=0, errnum = 0
01-15 00:27:55.330  6499  6518 I MaliEGL : [Mali]surface->num_buffers=4, surface->num_frames=3, win_min_undequeued=1
01-15 00:27:55.330  6499  6518 I MaliEGL : [Mali]max_allowed_dequeued_buffers=3
01-15 00:27:55.458  6499  6499 D SwitcherService: Added runnable com.github.chenxiaolong.dualbootpatcher.switcher.service.BootUIActionTask@3efd5f3 to thread pool: default
01-15 00:27:55.458  6499  6499 D SwitcherService: onStartCommand(intent=Intent { cmp=com.github.chenxiaolong.dualbootpatcher.snapshot/com.github.chenxiaolong.dualbootpatcher.switcher.SwitcherService }, flags=0, startId=2)
01-15 00:27:55.478  6499  6518 E linker  : readlink("/proc/self/fd/68") failed: Permission denied [fd=68]
01-15 00:27:55.478  6499  6518 E linker  : warning: unable to get realpath for the library "/system/lib/hw/gralloc.mt6582.so". Will use given path.
01-15 00:27:55.514  6499  6518 E linker  : readlink("/proc/self/fd/70") failed: Permission denied [fd=70]
01-15 00:27:55.514  6499  6518 E linker  : warning: unable to get realpath for the library "/system/lib/hw/gralloc.mt6582.so". Will use given path.
01-15 00:27:55.523  6499  6518 E linker  : readlink("/proc/self/fd/48") failed: Permission denied [fd=48]
01-15 00:27:55.523  6499  6518 E linker  : warning: unable to get realpath for the library "/system/lib/hw/gralloc.mt6582.so". Will use given path.
01-15 00:27:55.524  6499  6518 E linker  : readlink("/proc/self/fd/48") failed: Permission denied [fd=48]
01-15 00:27:55.524  6499  6518 E linker  : warning: unable to get realpath for the library "/system/lib/hw/gralloc.mt6582.so". Will use given path.
01-15 00:27:55.525  6499  6518 E linker  : readlink("/proc/self/fd/48") failed: Permission denied [fd=48]
01-15 00:27:55.526  6499  6518 E linker  : warning: unable to get realpath for the library "/system/lib/hw/gralloc.mt6582.so". Will use given path.
01-15 00:27:55.527  6499  6518 E linker  : readlink("/proc/self/fd/48") failed: Permission denied [fd=48]
01-15 00:27:55.527  6499  6518 E linker  : warning: unable to get realpath for the library "/system/lib/hw/gralloc.mt6582.so". Will use given path.
--------- beginning of main
01-15 00:27:55.764  6499  6612 D SwitcherService: Attempting to stop service
01-15 00:27:55.764  6499  6612 D SwitcherService: Not stopping: # of operations: 0, is bound: true
01-15 00:27:57.925  6499  6518 E linker  : readlink("/proc/self/fd/44") failed: Permission denied [fd=44]
01-15 00:27:57.926  6499  6518 E linker  : warning: unable to get realpath for the library "/system/lib/hw/gralloc.mt6582.so". Will use given path.
01-15 00:27:57.926  6499  6518 E linker  : readlink("/proc/self/fd/44") failed: Permission denied [fd=44]
01-15 00:27:57.927  6499  6518 E linker  : warning: unable to get realpath for the library "/system/lib/hw/gralloc.mt6582.so". Will use given path.
01-15 00:27:57.927  6499  6518 E linker  : readlink("/proc/self/fd/44") failed: Permission denied [fd=44]
01-15 00:27:57.927  6499  6518 E linker  : warning: unable to get realpath for the library "/system/lib/hw/gralloc.mt6582.so". Will use given path.
01-15 00:27:57.958  6499  6499 I AppCompatViewInflater: app:theme is now deprecated. Please move to using android:theme instead.
01-15 00:27:58.014  6499  6518 E linker  : readlink("/proc/self/fd/48") failed: Permission denied [fd=48]
01-15 00:27:58.015  6499  6518 E linker  : warning: unable to get realpath for the library "/system/lib/hw/gralloc.mt6582.so". Will use given path.
01-15 00:27:58.016  6499  6518 I MaliEGL : [Mali]window_type=1, is_framebuffer=0, errnum = 0
01-15 00:27:58.016  6499  6518 I MaliEGL : [Mali]surface->num_buffers=4, surface->num_frames=3, win_min_undequeued=1
01-15 00:27:58.016  6499  6518 I MaliEGL : [Mali]max_allowed_dequeued_buffers=3
01-15 00:27:58.111  6499  6499 D SwitcherService: onUnbind(intent=Intent { cmp=com.github.chenxiaolong.dualbootpatcher.snapshot/com.github.chenxiaolong.dualbootpatcher.switcher.SwitcherService })
01-15 00:27:58.111  6499  6499 D SwitcherService: Attempting to stop service
01-15 00:27:58.111  6499  6499 D SwitcherService: Calling stopSelf(): there are no more operations
01-15 00:27:58.112  6499  6499 D SwitcherService: Added runnable com.github.chenxiaolong.dualbootpatcher.switcher.service.BootUIActionTask@8d7ee4a to thread pool: default
01-15 00:27:58.113  6499  6499 D SwitcherService: onStartCommand(intent=Intent { cmp=com.github.chenxiaolong.dualbootpatcher.snapshot/com.github.chenxiaolong.dualbootpatcher.switcher.SwitcherService }, flags=0, startId=3)
01-15 00:27:58.132  6499  6518 E linker  : readlink("/proc/self/fd/51") failed: Permission denied [fd=51]
01-15 00:27:58.132  6499  6518 E linker  : warning: unable to get realpath for the library "/system/lib/hw/gralloc.mt6582.so". Will use given path.
01-15 00:27:58.146  6499  6518 E linker  : readlink("/proc/self/fd/53") failed: Permission denied [fd=53]
01-15 00:27:58.146  6499  6518 E linker  : warning: unable to get realpath for the library "/system/lib/hw/gralloc.mt6582.so". Will use given path.
--------- beginning of main
01-15 00:27:58.342  6499  6618 D SwitcherService: Attempting to stop service
01-15 00:27:58.342  6499  6618 D SwitcherService: Calling stopSelf(): there are no more operations
01-15 00:27:59.402  6499  6518 E linker  : readlink("/proc/self/fd/44") failed: Permission denied [fd=44]
01-15 00:27:59.402  6499  6518 E linker  : warning: unable to get realpath for the library "/system/lib/hw/gralloc.mt6582.so". Will use given path.
01-15 00:27:59.403  6499  6518 E linker  : readlink("/proc/self/fd/44") failed: Permission denied [fd=44]
01-15 00:27:59.403  6499  6518 E linker  : warning: unable to get realpath for the library "/system/lib/hw/gralloc.mt6582.so". Will use given path.
01-15 00:27:59.404  6499  6518 E linker  : readlink("/proc/self/fd/44") failed: Permission denied [fd=44]
01-15 00:27:59.404  6499  6518 E linker  : warning: unable to get realpath for the library "/system/lib/hw/gralloc.mt6582.so". Will use given path.
01-15 00:27:59.443  6499  6499 I AppCompatViewInflater: app:theme is now deprecated. Please move to using android:theme instead.
01-15 00:27:59.470  6499  6499 D SwitcherService: onDestroy()
01-15 00:27:59.490  6499  6518 E linker  : readlink("/proc/self/fd/48") failed: Permission denied [fd=48]
01-15 00:27:59.491  6499  6518 E linker  : warning: unable to get realpath for the library "/system/lib/hw/gralloc.mt6582.so". Will use given path.
01-15 00:27:59.491  6499  6518 I MaliEGL : [Mali]window_type=1, is_framebuffer=0, errnum = 0
01-15 00:27:59.491  6499  6518 I MaliEGL : [Mali]surface->num_buffers=4, surface->num_frames=3, win_min_undequeued=1
01-15 00:27:59.491  6499  6518 I MaliEGL : [Mali]max_allowed_dequeued_buffers=3
01-15 00:27:59.588  6499  6499 D SwitcherService: onCreate()
01-15 00:27:59.594  6499  6499 D SwitcherService: onBind(intent=Intent { cmp=com.github.chenxiaolong.dualbootpatcher.snapshot/com.github.chenxiaolong.dualbootpatcher.switcher.SwitcherService })
01-15 00:27:59.596  6499  6499 D SwitcherService: onStartCommand(intent=Intent { cmp=com.github.chenxiaolong.dualbootpatcher.snapshot/com.github.chenxiaolong.dualbootpatcher.switcher.SwitcherService }, flags=0, startId=1)
01-15 00:27:59.615  6499  6518 E linker  : readlink("/proc/self/fd/50") failed: Permission denied [fd=50]
01-15 00:27:59.615  6499  6518 E linker  : warning: unable to get realpath for the library "/system/lib/hw/gralloc.mt6582.so". Will use given path.
01-15 00:27:59.631  6499  6499 D SwitcherService: Added runnable com.github.chenxiaolong.dualbootpatcher.switcher.service.BootUIActionTask@50e88a3 to thread pool: default
01-15 00:27:59.636  6499  6518 E linker  : readlink("/proc/self/fd/52") failed: Permission denied [fd=52]
01-15 00:27:59.636  6499  6518 E linker  : warning: unable to get realpath for the library "/system/lib/hw/gralloc.mt6582.so". Will use given path.
--------- beginning of main
01-15 00:55:19.014  3639  3639 I AppCompatViewInflater: app:theme is now deprecated. Please move to using android:theme instead.
01-15 00:55:19.156  3639  3639 W Settings: Setting airplane_mode_on has moved from android.provider.Settings.System to android.provider.Settings.Global, returning read-only value.
01-15 00:55:19.297  3639  3659 E linker  : readlink("/proc/self/fd/44") failed: Permission denied [fd=44]
01-15 00:55:19.298  3639  3659 E linker  : warning: unable to get realpath for the library "/system/lib/hw/gralloc.mt6582.so". Will use given path.
01-15 00:55:19.299  3639  3659 E linker  : readlink("/proc/self/fd/45") failed: Permission denied [fd=45]
01-15 00:55:19.299  3639  3659 E linker  : warning: unable to get realpath for the library "/system/lib/liblog.so". Will use given path.
01-15 00:55:19.299  3639  3659 E linker  : readlink("/proc/self/fd/46") failed: Permission denied [fd=46]
01-15 00:55:19.299  3639  3659 E linker  : warning: unable to get realpath for the library "/system/lib/libcutils.so". Will use given path.
01-15 00:55:19.299  3639  3659 E linker  : readlink("/proc/self/fd/47") failed: Permission denied [fd=47]
01-15 00:55:19.300  3639  3659 E linker  : warning: unable to get realpath for the library "/system/lib/libMali.so". Will use given path.
01-15 00:55:19.300  3639  3659 E linker  : readlink("/proc/self/fd/48") failed: Permission denied [fd=48]
01-15 00:55:19.300  3639  3659 E linker  : warning: unable to get realpath for the library "/system/lib/libGLESv1_CM.so". Will use given path.
01-15 00:55:19.300  3639  3659 E linker  : readlink("/proc/self/fd/49") failed: Permission denied [fd=49]
01-15 00:55:19.300  3639  3659 E linker  : warning: unable to get realpath for the library "/system/lib/libion.so". Will use given path.
01-15 00:55:19.301  3639  3659 E linker  : readlink("/proc/self/fd/50") failed: Permission denied [fd=50]
01-15 00:55:19.301  3639  3659 E linker  : warning: unable to get realpath for the library "/system/lib/libhardware.so". Will use given path.
01-15 00:55:19.301  3639  3659 E linker  : readlink("/proc/self/fd/51") failed: Permission denied [fd=51]
01-15 00:55:19.301  3639  3659 E linker  : warning: unable to get realpath for the library "/system/lib/libion_mtk.so". Will use given path.
01-15 00:55:19.301  3639  3659 E linker  : readlink("/proc/self/fd/52") failed: Permission denied [fd=52]
01-15 00:55:19.302  3639  3659 E linker  : warning: unable to get realpath for the library "/system/lib/libmtk_mali_user.so". Will use given path.
01-15 00:55:19.302  3639  3659 E linker  : readlink("/proc/self/fd/53") failed: Permission denied [fd=53]
